../Core/Src/main.c:27:6:delay_us	16	static
../Core/Src/main.c:35:6:I2C_delay	8	static
../Core/Src/main.c:40:6:I2C_start	8	static
../Core/Src/main.c:50:6:I2C_stop	8	static
../Core/Src/main.c:58:6:I2C_write	24	static
../Core/Src/main.c:81:6:LCD_send_cmd	24	static
../Core/Src/main.c:103:6:LCD_send_data	24	static
../Core/Src/main.c:125:6:LCD_send_string	16	static
../Core/Src/main.c:131:6:LCD_set_cursor	24	static
../Core/Src/main.c:136:6:LCD_init	8	static
../Core/Src/main.c:150:6:DisplayTime	48	static
../Core/Src/main.c:158:6:GPIO_init	4	static
../Core/Src/main.c:176:5:main	16	static
